[23-Jun-2025 19:20:47 UTC] PHP Warning:  require_once(C:\Users\Ben\Local Sites\wp-smooth-demo\app\public\wp-content\plugins/../../../vendor/autoload.php): Failed to open stream: No such file or directory in C:\Users\Ben\Local Sites\wp-smooth-demo\app\public\wp-content\plugins\system-tools.php on line 13
[23-Jun-2025 19:20:47 UTC] PHP Fatal error:  Uncaught Error: Failed opening required 'C:\Users\Ben\Local Sites\wp-smooth-demo\app\public\wp-content\plugins/../../../vendor/autoload.php' (include_path='.:/usr/share/php:/www/wp-content/pear') in C:\Users\Ben\Local Sites\wp-smooth-demo\app\public\wp-content\plugins\system-tools.php:13
Stack trace:
#0 C:\Users\Ben\Local Sites\wp-smooth-demo\app\public\wp-admin\includes\plugin.php(2387): include_once()
#1 C:\Users\Ben\Local Sites\wp-smooth-demo\app\public\wp-admin\includes\plugin.php(673): plugin_sandbox_scrape('system-tools.ph...')
#2 phar://C:/Users/Ben/AppData/Local/Programs/Local/resources/extraResources/bin/wp-cli/wp-cli.phar/vendor/wp-cli/extension-command/src/Plugin_Command.php(386): activate_plugin('system-tools.ph...', '', false)
#3 [internal function]: Plugin_Command->activate(Array, Array)
#4 phar://C:/Users/Ben/AppData/Local/Programs/Local/resources/extraResources/bin/wp-cli/wp-cli.phar/vendor/wp-cli/wp-cli/php/WP_CLI/Dispatcher/CommandFactory.php(100): call_user_func(Array, Array, Array)
#5 [internal function]: WP_CLI\Dispatcher\CommandFactory::WP_CLI\Dispatcher\{closure}(Array, Array)
#6 phar://C:/Users/Ben/AppData/Local/Programs/Local/resources/extraResources/bin/wp-cli/wp-cli.phar/vendor/wp-cli/wp-cli/php/WP_CLI/Dispatcher/Subcommand.php(497): call_user_func(Object(Closure), Array, Array)
#7 phar://C:/Users/Ben/AppData/Local/Programs/Local/resources/extraResources/bin/wp-cli/wp-cli.phar/vendor/wp-cli/wp-cli/php/WP_CLI/Runner.php(470): WP_CLI\Dispatcher\Subcommand->invoke(Array, Array, Array)
#8 phar://C:/Users/Ben/AppData/Local/Programs/Local/resources/extraResources/bin/wp-cli/wp-cli.phar/vendor/wp-cli/wp-cli/php/WP_CLI/Runner.php(493): WP_CLI\Runner->run_command(Array, Array)
#9 phar://C:/Users/Ben/AppData/Local/Programs/Local/resources/extraResources/bin/wp-cli/wp-cli.phar/vendor/wp-cli/wp-cli/php/WP_CLI/Runner.php(1295): WP_CLI\Runner->run_command_and_exit()
#10 phar://C:/Users/Ben/AppData/Local/Programs/Local/resources/extraResources/bin/wp-cli/wp-cli.phar/vendor/wp-cli/wp-cli/php/WP_CLI/Bootstrap/LaunchRunner.php(28): WP_CLI\Runner->start()
#11 phar://C:/Users/Ben/AppData/Local/Programs/Local/resources/extraResources/bin/wp-cli/wp-cli.phar/vendor/wp-cli/wp-cli/php/bootstrap.php(84): WP_CLI\Bootstrap\LaunchRunner->process(Object(WP_CLI\Bootstrap\BootstrapState))
#12 phar://C:/Users/Ben/AppData/Local/Programs/Local/resources/extraResources/bin/wp-cli/wp-cli.phar/vendor/wp-cli/wp-cli/php/wp-cli.php(35): WP_CLI\bootstrap()
#13 phar://C:/Users/Ben/AppData/Local/Programs/Local/resources/extraResources/bin/wp-cli/wp-cli.phar/php/boot-phar.php(20): include('phar://C:/Users...')
#14 C:\Users\Ben\AppData\Local\Programs\Local\resources\extraResources\bin\wp-cli\wp-cli.phar(4): include('phar://C:/Users...')
#15 {main}
  thrown in C:\Users\Ben\Local Sites\wp-smooth-demo\app\public\wp-content\plugins\system-tools.php on line 13
[23-Jun-2025 19:22:26 UTC] PHP Warning:  require_once(C:\Users\Ben\Local Sites\wp-smooth-demo\app\public\wp-content\plugins/../../../vendor/autoload.php): Failed to open stream: No such file or directory in C:\Users\Ben\Local Sites\wp-smooth-demo\app\public\wp-content\plugins\system-tools.php on line 13
[23-Jun-2025 19:22:26 UTC] PHP Fatal error:  Uncaught Error: Failed opening required 'C:\Users\Ben\Local Sites\wp-smooth-demo\app\public\wp-content\plugins/../../../vendor/autoload.php' (include_path='.:/usr/share/php:/www/wp-content/pear') in C:\Users\Ben\Local Sites\wp-smooth-demo\app\public\wp-content\plugins\system-tools.php:13
Stack trace:
#0 C:\Users\Ben\Local Sites\wp-smooth-demo\app\public\wp-admin\includes\plugin.php(2387): include_once()
#1 C:\Users\Ben\Local Sites\wp-smooth-demo\app\public\wp-admin\includes\plugin.php(673): plugin_sandbox_scrape('system-tools.ph...')
#2 phar://C:/Users/Ben/AppData/Local/Programs/Local/resources/extraResources/bin/wp-cli/wp-cli.phar/vendor/wp-cli/extension-command/src/Plugin_Command.php(386): activate_plugin('system-tools.ph...', '', false)
#3 [internal function]: Plugin_Command->activate(Array, Array)
#4 phar://C:/Users/Ben/AppData/Local/Programs/Local/resources/extraResources/bin/wp-cli/wp-cli.phar/vendor/wp-cli/wp-cli/php/WP_CLI/Dispatcher/CommandFactory.php(100): call_user_func(Array, Array, Array)
#5 [internal function]: WP_CLI\Dispatcher\CommandFactory::WP_CLI\Dispatcher\{closure}(Array, Array)
#6 phar://C:/Users/Ben/AppData/Local/Programs/Local/resources/extraResources/bin/wp-cli/wp-cli.phar/vendor/wp-cli/wp-cli/php/WP_CLI/Dispatcher/Subcommand.php(497): call_user_func(Object(Closure), Array, Array)
#7 phar://C:/Users/Ben/AppData/Local/Programs/Local/resources/extraResources/bin/wp-cli/wp-cli.phar/vendor/wp-cli/wp-cli/php/WP_CLI/Runner.php(470): WP_CLI\Dispatcher\Subcommand->invoke(Array, Array, Array)
#8 phar://C:/Users/Ben/AppData/Local/Programs/Local/resources/extraResources/bin/wp-cli/wp-cli.phar/vendor/wp-cli/wp-cli/php/WP_CLI/Runner.php(493): WP_CLI\Runner->run_command(Array, Array)
#9 phar://C:/Users/Ben/AppData/Local/Programs/Local/resources/extraResources/bin/wp-cli/wp-cli.phar/vendor/wp-cli/wp-cli/php/WP_CLI/Runner.php(1295): WP_CLI\Runner->run_command_and_exit()
#10 phar://C:/Users/Ben/AppData/Local/Programs/Local/resources/extraResources/bin/wp-cli/wp-cli.phar/vendor/wp-cli/wp-cli/php/WP_CLI/Bootstrap/LaunchRunner.php(28): WP_CLI\Runner->start()
#11 phar://C:/Users/Ben/AppData/Local/Programs/Local/resources/extraResources/bin/wp-cli/wp-cli.phar/vendor/wp-cli/wp-cli/php/bootstrap.php(84): WP_CLI\Bootstrap\LaunchRunner->process(Object(WP_CLI\Bootstrap\BootstrapState))
#12 phar://C:/Users/Ben/AppData/Local/Programs/Local/resources/extraResources/bin/wp-cli/wp-cli.phar/vendor/wp-cli/wp-cli/php/wp-cli.php(35): WP_CLI\bootstrap()
#13 phar://C:/Users/Ben/AppData/Local/Programs/Local/resources/extraResources/bin/wp-cli/wp-cli.phar/php/boot-phar.php(20): include('phar://C:/Users...')
#14 C:\Users\Ben\AppData\Local\Programs\Local\resources\extraResources\bin\wp-cli\wp-cli.phar(4): include('phar://C:/Users...')
#15 {main}
  thrown in C:\Users\Ben\Local Sites\wp-smooth-demo\app\public\wp-content\plugins\system-tools.php on line 13
[23-Jun-2025 19:24:54 UTC] PHP Warning:  require_once(C:\Users\Ben\Local Sites\wp-smooth-demo\app\public\wp-content\plugins/../../../vendor/autoload.php): Failed to open stream: No such file or directory in C:\Users\Ben\Local Sites\wp-smooth-demo\app\public\wp-content\plugins\system-tools.php on line 13
[23-Jun-2025 19:24:54 UTC] PHP Fatal error:  Uncaught Error: Failed opening required 'C:\Users\Ben\Local Sites\wp-smooth-demo\app\public\wp-content\plugins/../../../vendor/autoload.php' (include_path='.:/usr/share/php:/www/wp-content/pear') in C:\Users\Ben\Local Sites\wp-smooth-demo\app\public\wp-content\plugins\system-tools.php:13
Stack trace:
#0 C:\Users\Ben\Local Sites\wp-smooth-demo\app\public\wp-admin\includes\plugin.php(2387): include_once()
#1 C:\Users\Ben\Local Sites\wp-smooth-demo\app\public\wp-admin\includes\plugin.php(673): plugin_sandbox_scrape('system-tools.ph...')
#2 phar://C:/Users/Ben/AppData/Local/Programs/Local/resources/extraResources/bin/wp-cli/wp-cli.phar/vendor/wp-cli/extension-command/src/Plugin_Command.php(386): activate_plugin('system-tools.ph...', '', false)
#3 [internal function]: Plugin_Command->activate(Array, Array)
#4 phar://C:/Users/Ben/AppData/Local/Programs/Local/resources/extraResources/bin/wp-cli/wp-cli.phar/vendor/wp-cli/wp-cli/php/WP_CLI/Dispatcher/CommandFactory.php(100): call_user_func(Array, Array, Array)
#5 [internal function]: WP_CLI\Dispatcher\CommandFactory::WP_CLI\Dispatcher\{closure}(Array, Array)
#6 phar://C:/Users/Ben/AppData/Local/Programs/Local/resources/extraResources/bin/wp-cli/wp-cli.phar/vendor/wp-cli/wp-cli/php/WP_CLI/Dispatcher/Subcommand.php(497): call_user_func(Object(Closure), Array, Array)
#7 phar://C:/Users/Ben/AppData/Local/Programs/Local/resources/extraResources/bin/wp-cli/wp-cli.phar/vendor/wp-cli/wp-cli/php/WP_CLI/Runner.php(470): WP_CLI\Dispatcher\Subcommand->invoke(Array, Array, Array)
#8 phar://C:/Users/Ben/AppData/Local/Programs/Local/resources/extraResources/bin/wp-cli/wp-cli.phar/vendor/wp-cli/wp-cli/php/WP_CLI/Runner.php(493): WP_CLI\Runner->run_command(Array, Array)
#9 phar://C:/Users/Ben/AppData/Local/Programs/Local/resources/extraResources/bin/wp-cli/wp-cli.phar/vendor/wp-cli/wp-cli/php/WP_CLI/Runner.php(1295): WP_CLI\Runner->run_command_and_exit()
#10 phar://C:/Users/Ben/AppData/Local/Programs/Local/resources/extraResources/bin/wp-cli/wp-cli.phar/vendor/wp-cli/wp-cli/php/WP_CLI/Bootstrap/LaunchRunner.php(28): WP_CLI\Runner->start()
#11 phar://C:/Users/Ben/AppData/Local/Programs/Local/resources/extraResources/bin/wp-cli/wp-cli.phar/vendor/wp-cli/wp-cli/php/bootstrap.php(84): WP_CLI\Bootstrap\LaunchRunner->process(Object(WP_CLI\Bootstrap\BootstrapState))
#12 phar://C:/Users/Ben/AppData/Local/Programs/Local/resources/extraResources/bin/wp-cli/wp-cli.phar/vendor/wp-cli/wp-cli/php/wp-cli.php(35): WP_CLI\bootstrap()
#13 phar://C:/Users/Ben/AppData/Local/Programs/Local/resources/extraResources/bin/wp-cli/wp-cli.phar/php/boot-phar.php(20): include('phar://C:/Users...')
#14 C:\Users\Ben\AppData\Local\Programs\Local\resources\extraResources\bin\wp-cli\wp-cli.phar(4): include('phar://C:/Users...')
#15 {main}
  thrown in C:\Users\Ben\Local Sites\wp-smooth-demo\app\public\wp-content\plugins\system-tools.php on line 13
[19-Jul-2025 21:18:29 UTC] PHP Warning:  PHP Startup: Unable to load dynamic library 'php_imagick.dll' (tried: C:/Users/Ben/AppData/Roaming/Local/lightning-services/php-8.2.27+1/bin/win64/ext\php_imagick.dll (The specified module could not be found), C:/Users/Ben/AppData/Roaming/Local/lightning-services/php-8.2.27+1/bin/win64/ext\php_php_imagick.dll.dll (The specified module could not be found)) in Unknown on line 0
[19-Jul-2025 22:43:36 UTC] PHP Warning:  Failed loading Zend extension 'php_opcache.dll' (tried: C:/Users/Ben/AppData/Roaming/Local/lightning-services/php-8.4.10+0/bin/win64/ext\php_opcache.dll (The specified procedure could not be found), C:/Users/Ben/AppData/Roaming/Local/lightning-services/php-8.4.10+0/bin/win64/ext\php_php_opcache.dll.dll (The specified module could not be found)) in Unknown on line 0
[19-Jul-2025 22:43:36 UTC] PHP Warning:  Can't load module 'C:\Users\Ben\AppData\Roaming\Local\lightning-services\php-8.4.10+0\bin\win64\ext\php_xdebug.dll' as it's linked with 14.42, but the core is linked with 14.29 in Unknown on line 0
[19-Jul-2025 22:43:36 UTC] PHP Warning:  PHP Startup: Unable to load dynamic library 'php_curl.dll' (tried: C:/Users/Ben/AppData/Roaming/Local/lightning-services/php-8.4.10+0/bin/win64/ext\php_curl.dll (The specified procedure could not be found), C:/Users/Ben/AppData/Roaming/Local/lightning-services/php-8.4.10+0/bin/win64/ext\php_php_curl.dll.dll (The specified module could not be found)) in Unknown on line 0
[19-Jul-2025 22:43:36 UTC] PHP Warning:  PHP Startup: Unable to load dynamic library 'php_gettext.dll' (tried: C:/Users/Ben/AppData/Roaming/Local/lightning-services/php-8.4.10+0/bin/win64/ext\php_gettext.dll (The specified procedure could not be found), C:/Users/Ben/AppData/Roaming/Local/lightning-services/php-8.4.10+0/bin/win64/ext\php_php_gettext.dll.dll (The specified module could not be found)) in Unknown on line 0
[19-Jul-2025 22:43:36 UTC] PHP Warning:  PHP Startup: Unable to load dynamic library 'php_openssl.dll' (tried: C:/Users/Ben/AppData/Roaming/Local/lightning-services/php-8.4.10+0/bin/win64/ext\php_openssl.dll (The specified procedure could not be found), C:/Users/Ben/AppData/Roaming/Local/lightning-services/php-8.4.10+0/bin/win64/ext\php_php_openssl.dll.dll (The specified module could not be found)) in Unknown on line 0
[19-Jul-2025 22:43:36 UTC] PHP Warning:  PHP Startup: Unable to load dynamic library 'php_exif.dll' (tried: C:/Users/Ben/AppData/Roaming/Local/lightning-services/php-8.4.10+0/bin/win64/ext\php_exif.dll (The specified procedure could not be found), C:/Users/Ben/AppData/Roaming/Local/lightning-services/php-8.4.10+0/bin/win64/ext\php_php_exif.dll.dll (The specified module could not be found)) in Unknown on line 0
[19-Jul-2025 22:43:36 UTC] PHP Warning:  PHP Startup: Unable to load dynamic library 'php_gd.dll' (tried: C:/Users/Ben/AppData/Roaming/Local/lightning-services/php-8.4.10+0/bin/win64/ext\php_gd.dll (The specified procedure could not be found), C:/Users/Ben/AppData/Roaming/Local/lightning-services/php-8.4.10+0/bin/win64/ext\php_php_gd.dll.dll (The specified module could not be found)) in Unknown on line 0
[19-Jul-2025 22:43:36 UTC] PHP Warning:  PHP Startup: Unable to load dynamic library 'php_ftp.dll' (tried: C:/Users/Ben/AppData/Roaming/Local/lightning-services/php-8.4.10+0/bin/win64/ext\php_ftp.dll (The specified procedure could not be found), C:/Users/Ben/AppData/Roaming/Local/lightning-services/php-8.4.10+0/bin/win64/ext\php_php_ftp.dll.dll (The specified module could not be found)) in Unknown on line 0
[19-Jul-2025 22:43:36 UTC] PHP Warning:  PHP Startup: Unable to load dynamic library 'php_ffi.dll' (tried: C:/Users/Ben/AppData/Roaming/Local/lightning-services/php-8.4.10+0/bin/win64/ext\php_ffi.dll (The specified procedure could not be found), C:/Users/Ben/AppData/Roaming/Local/lightning-services/php-8.4.10+0/bin/win64/ext\php_php_ffi.dll.dll (The specified module could not be found)) in Unknown on line 0
[19-Jul-2025 22:43:36 UTC] PHP Warning:  PHP Startup: Unable to load dynamic library 'php_bz2.dll' (tried: C:/Users/Ben/AppData/Roaming/Local/lightning-services/php-8.4.10+0/bin/win64/ext\php_bz2.dll (The specified procedure could not be found), C:/Users/Ben/AppData/Roaming/Local/lightning-services/php-8.4.10+0/bin/win64/ext\php_php_bz2.dll.dll (The specified module could not be found)) in Unknown on line 0
[19-Jul-2025 22:43:36 UTC] PHP Warning:  PHP Startup: Unable to load dynamic library 'php_mbstring.dll' (tried: C:/Users/Ben/AppData/Roaming/Local/lightning-services/php-8.4.10+0/bin/win64/ext\php_mbstring.dll (The specified procedure could not be found), C:/Users/Ben/AppData/Roaming/Local/lightning-services/php-8.4.10+0/bin/win64/ext\php_php_mbstring.dll.dll (The specified module could not be found)) in Unknown on line 0
[19-Jul-2025 22:43:36 UTC] PHP Warning:  PHP Startup: Unable to load dynamic library 'php_sodium.dll' (tried: C:/Users/Ben/AppData/Roaming/Local/lightning-services/php-8.4.10+0/bin/win64/ext\php_sodium.dll (The specified procedure could not be found), C:/Users/Ben/AppData/Roaming/Local/lightning-services/php-8.4.10+0/bin/win64/ext\php_php_sodium.dll.dll (The specified module could not be found)) in Unknown on line 0
[19-Jul-2025 22:43:36 UTC] PHP Warning:  PHP Startup: Unable to load dynamic library 'php_tidy.dll' (tried: C:/Users/Ben/AppData/Roaming/Local/lightning-services/php-8.4.10+0/bin/win64/ext\php_tidy.dll (The specified procedure could not be found), C:/Users/Ben/AppData/Roaming/Local/lightning-services/php-8.4.10+0/bin/win64/ext\php_php_tidy.dll.dll (The specified module could not be found)) in Unknown on line 0
[19-Jul-2025 22:43:36 UTC] PHP Warning:  PHP Startup: Unable to load dynamic library 'php_xsl.dll' (tried: C:/Users/Ben/AppData/Roaming/Local/lightning-services/php-8.4.10+0/bin/win64/ext\php_xsl.dll (The specified procedure could not be found), C:/Users/Ben/AppData/Roaming/Local/lightning-services/php-8.4.10+0/bin/win64/ext\php_php_xsl.dll.dll (The specified module could not be found)) in Unknown on line 0
[19-Jul-2025 22:43:36 UTC] PHP Warning:  PHP Startup: Unable to load dynamic library 'php_soap.dll' (tried: C:/Users/Ben/AppData/Roaming/Local/lightning-services/php-8.4.10+0/bin/win64/ext\php_soap.dll (The specified procedure could not be found), C:/Users/Ben/AppData/Roaming/Local/lightning-services/php-8.4.10+0/bin/win64/ext\php_php_soap.dll.dll (The specified module could not be found)) in Unknown on line 0
[19-Jul-2025 22:43:36 UTC] PHP Warning:  PHP Startup: Unable to load dynamic library 'php_mysqli.dll' (tried: C:/Users/Ben/AppData/Roaming/Local/lightning-services/php-8.4.10+0/bin/win64/ext\php_mysqli.dll (The specified procedure could not be found), C:/Users/Ben/AppData/Roaming/Local/lightning-services/php-8.4.10+0/bin/win64/ext\php_php_mysqli.dll.dll (The specified module could not be found)) in Unknown on line 0
[19-Jul-2025 22:43:36 UTC] PHP Warning:  PHP Startup: Unable to load dynamic library 'php_pdo_mysql.dll' (tried: C:/Users/Ben/AppData/Roaming/Local/lightning-services/php-8.4.10+0/bin/win64/ext\php_pdo_mysql.dll (The specified procedure could not be found), C:/Users/Ben/AppData/Roaming/Local/lightning-services/php-8.4.10+0/bin/win64/ext\php_php_pdo_mysql.dll.dll (The specified module could not be found)) in Unknown on line 0
[19-Jul-2025 22:43:36 UTC] PHP Warning:  PHP Startup: Unable to load dynamic library 'php_fileinfo.dll' (tried: C:/Users/Ben/AppData/Roaming/Local/lightning-services/php-8.4.10+0/bin/win64/ext\php_fileinfo.dll (The specified procedure could not be found), C:/Users/Ben/AppData/Roaming/Local/lightning-services/php-8.4.10+0/bin/win64/ext\php_php_fileinfo.dll.dll (The specified module could not be found)) in Unknown on line 0
[19-Jul-2025 22:43:36 UTC] PHP Warning:  PHP Startup: Unable to load dynamic library 'php_pdo_sqlite.dll' (tried: C:/Users/Ben/AppData/Roaming/Local/lightning-services/php-8.4.10+0/bin/win64/ext\php_pdo_sqlite.dll (The specified procedure could not be found), C:/Users/Ben/AppData/Roaming/Local/lightning-services/php-8.4.10+0/bin/win64/ext\php_php_pdo_sqlite.dll.dll (The specified module could not be found)) in Unknown on line 0
[19-Jul-2025 22:43:36 UTC] PHP Warning:  PHP Startup: Unable to load dynamic library 'php_sqlite3.dll' (tried: C:/Users/Ben/AppData/Roaming/Local/lightning-services/php-8.4.10+0/bin/win64/ext\php_sqlite3.dll (The specified procedure could not be found), C:/Users/Ben/AppData/Roaming/Local/lightning-services/php-8.4.10+0/bin/win64/ext\php_php_sqlite3.dll.dll (The specified module could not be found)) in Unknown on line 0
[19-Jul-2025 22:43:36 UTC] PHP Warning:  PHP Startup: Unable to load dynamic library 'php_zip.dll' (tried: C:/Users/Ben/AppData/Roaming/Local/lightning-services/php-8.4.10+0/bin/win64/ext\php_zip.dll (The specified procedure could not be found), C:/Users/Ben/AppData/Roaming/Local/lightning-services/php-8.4.10+0/bin/win64/ext\php_php_zip.dll.dll (The specified module could not be found)) in Unknown on line 0
[19-Jul-2025 22:43:36 UTC] PHP Warning:  PHP Startup: imagick: Unable to initialize module
Module compiled with module API=20240924
PHP    compiled with module API=20220829
These options need to match
 in Unknown on line 0
[19-Jul-2025 22:43:36 UTC] PHP Warning:  PHP Startup: Unable to load dynamic library 'php_intl.dll' (tried: C:/Users/Ben/AppData/Roaming/Local/lightning-services/php-8.4.10+0/bin/win64/ext\php_intl.dll (The specified module could not be found), C:/Users/Ben/AppData/Roaming/Local/lightning-services/php-8.4.10+0/bin/win64/ext\php_php_intl.dll.dll (The specified module could not be found)) in Unknown on line 0
